// Jest Snapshot v1, https://goo.gl/fbAQLP

exports[`calculator.js tests calculator render test 1`] = `
<section
  class="calculator"
>
  <div
    class="row top"
  >
    0
  </div>
  <div
    class="row"
  >
    <button
      class="button"
      type="button"
    >
      AC
    </button>
    <button
      class="button"
      type="button"
    >
      +/-
    </button>
    <button
      class="button"
      type="button"
    >
      %
    </button>
    <button
      class="button orange"
      type="button"
    >
      รท
    </button>
  </div>
  <div
    class="row"
  >
    <button
      class="button"
      type="button"
    >
      7
    </button>
    <button
      class="button"
      type="button"
    >
      8
    </button>
    <button
      class="button"
      type="button"
    >
      9
    </button>
    <button
      class="button orange"
      type="button"
    >
      x
    </button>
  </div>
  <div
    class="row"
  >
    <button
      class="button"
      type="button"
    >
      4
    </button>
    <button
      class="button"
      type="button"
    >
      5
    </button>
    <button
      class="button"
      type="button"
    >
      6
    </button>
    <button
      class="button orange"
      type="button"
    >
      -
    </button>
  </div>
  <div
    class="row"
  >
    <button
      class="button"
      type="button"
    >
      1
    </button>
    <button
      class="button"
      type="button"
    >
      2
    </button>
    <button
      class="button"
      type="button"
    >
      3
    </button>
    <button
      class="button orange"
      type="button"
    >
      +
    </button>
  </div>
  <div
    class="row"
  >
    <button
      class="button zero"
      type="button"
    >
      0
    </button>
    <button
      class="button"
      type="button"
    >
      .
    </button>
    <button
      class="button orange"
      type="button"
    >
      =
    </button>
  </div>
</section>
`;
