// Jest Snapshot v1, https://goo.gl/fbAQLP

exports[`To test for display 1`] = `
<h2>
  Welcome to our page
</h2>
`;
