// Jest Snapshot v1, https://goo.gl/fbAQLP

exports[`test quote.js 1`] = `
<h2>
  Mathematics is not about numbers, equations, calculations or algorithms: it is about understanding. --William Paul Thurston
</h2>
`;
