// Jest Snapshot v1, https://goo.gl/fbAQLP

exports[`test title.js 1`] = `
<h2>
  Lets do some Math!
</h2>
`;
